// Jest Snapshot v1, https://goo.gl/fbAQLP

exports[`<FlippableCard/> should match snapshot 1`] = `
<View>
  <View
    style={
      Object {
        "backfaceVisibility": "hidden",
        "backgroundColor": "gray",
        "transform": Array [
          Object {
            "rotateX": "0deg",
          },
        ],
      }
    }
  />
  <View
    style={
      Object {
        "backfaceVisibility": "hidden",
        "backgroundColor": "#34a8eb",
        "position": "absolute",
        "transform": Array [
          Object {
            "rotateX": "180deg",
          },
        ],
      }
    }
  >
    <View
      accessible={true}
      focusable={true}
      onClick={[Function]}
      onResponderGrant={[Function]}
      onResponderMove={[Function]}
      onResponderRelease={[Function]}
      onResponderTerminate={[Function]}
      onResponderTerminationRequest={[Function]}
      onStartShouldSetResponder={[Function]}
      style={
        Object {
          "opacity": 1,
        }
      }
      testID="flipCardId"
    >
      <Text
        style={
          Object {
            "fontSize": 41.666666666666664,
          }
        }
      >
        1
      </Text>
    </View>
  </View>
</View>
`;
