// Jest Snapshot v1, https://goo.gl/fbAQLP

exports[`<SetupGameScreen/> should match snapshot 1`] = `
<View
  style={
    Object {
      "flex": 1,
    }
  }
>
  <View
    style={
      Object {
        "alignItems": "center",
        "backgroundColor": "#fff",
        "flex": 1,
        "justifyContent": "center",
      }
    }
  >
    <Text
      style={
        Object {
          "fontSize": 30,
        }
      }
    >
      Game Setup
    </Text>
  </View>
  <View
    style={
      Object {
        "alignItems": "center",
        "backgroundColor": "#fff",
        "flex": 3,
      }
    }
  >
    <Text
      style={
        Object {
          "fontSize": 25,
          "marginTop": 15,
        }
      }
    >
      Columns
    </Text>
    <View
      style={
        Object {
          "flexDirection": "row",
        }
      }
    >
      <View
        accessible={true}
        focusable={true}
        onClick={[Function]}
        onResponderGrant={[Function]}
        onResponderMove={[Function]}
        onResponderRelease={[Function]}
        onResponderTerminate={[Function]}
        onResponderTerminationRequest={[Function]}
        onStartShouldSetResponder={[Function]}
        style={
          Object {
            "alignItems": "center",
            "borderBottomLeftRadius": 5,
            "borderColor": "#cccccc",
            "borderTopLeftRadius": 5,
            "borderWidth": 1,
            "height": 50,
            "justifyContent": "center",
            "opacity": 1,
            "width": 50,
          }
        }
      >
        <Text
          style={
            Object {
              "fontSize": 20,
            }
          }
        >
          -
        </Text>
      </View>
      <View
        style={
          Object {
            "alignItems": "center",
            "borderColor": "#cccccc",
            "borderWidth": 1,
            "height": 50,
            "justifyContent": "center",
            "width": 50,
          }
        }
      >
        <Text
          style={
            Object {
              "fontSize": 20,
            }
          }
        >
          3
        </Text>
      </View>
      <View
        accessible={true}
        focusable={true}
        onClick={[Function]}
        onResponderGrant={[Function]}
        onResponderMove={[Function]}
        onResponderRelease={[Function]}
        onResponderTerminate={[Function]}
        onResponderTerminationRequest={[Function]}
        onStartShouldSetResponder={[Function]}
        style={
          Object {
            "alignItems": "center",
            "borderBottomRightRadius": 5,
            "borderColor": "#cccccc",
            "borderTopRightRadius": 5,
            "borderWidth": 1,
            "height": 50,
            "justifyContent": "center",
            "opacity": 1,
            "width": 50,
          }
        }
      >
        <Text
          style={
            Object {
              "fontSize": 20,
            }
          }
        >
          +
        </Text>
      </View>
    </View>
    <Text
      style={
        Object {
          "fontSize": 25,
          "marginTop": 15,
        }
      }
    >
      Rows
    </Text>
    <View
      style={
        Object {
          "flexDirection": "row",
        }
      }
    >
      <View
        accessible={true}
        focusable={true}
        onClick={[Function]}
        onResponderGrant={[Function]}
        onResponderMove={[Function]}
        onResponderRelease={[Function]}
        onResponderTerminate={[Function]}
        onResponderTerminationRequest={[Function]}
        onStartShouldSetResponder={[Function]}
        style={
          Object {
            "alignItems": "center",
            "borderBottomLeftRadius": 5,
            "borderColor": "#cccccc",
            "borderTopLeftRadius": 5,
            "borderWidth": 1,
            "height": 50,
            "justifyContent": "center",
            "opacity": 1,
            "width": 50,
          }
        }
      >
        <Text
          style={
            Object {
              "fontSize": 20,
            }
          }
        >
          -
        </Text>
      </View>
      <View
        style={
          Object {
            "alignItems": "center",
            "borderColor": "#cccccc",
            "borderWidth": 1,
            "height": 50,
            "justifyContent": "center",
            "width": 50,
          }
        }
      >
        <Text
          style={
            Object {
              "fontSize": 20,
            }
          }
        >
          3
        </Text>
      </View>
      <View
        accessible={true}
        focusable={true}
        onClick={[Function]}
        onResponderGrant={[Function]}
        onResponderMove={[Function]}
        onResponderRelease={[Function]}
        onResponderTerminate={[Function]}
        onResponderTerminationRequest={[Function]}
        onStartShouldSetResponder={[Function]}
        style={
          Object {
            "alignItems": "center",
            "borderBottomRightRadius": 5,
            "borderColor": "#cccccc",
            "borderTopRightRadius": 5,
            "borderWidth": 1,
            "height": 50,
            "justifyContent": "center",
            "opacity": 1,
            "width": 50,
          }
        }
      >
        <Text
          style={
            Object {
              "fontSize": 20,
            }
          }
        >
          +
        </Text>
      </View>
    </View>
    <Text
      style={
        Object {
          "fontSize": 25,
          "marginTop": 15,
        }
      }
    >
      Number of Matches
    </Text>
    <View
      style={
        Object {
          "flexDirection": "row",
        }
      }
    >
      <View
        accessible={true}
        focusable={true}
        onClick={[Function]}
        onResponderGrant={[Function]}
        onResponderMove={[Function]}
        onResponderRelease={[Function]}
        onResponderTerminate={[Function]}
        onResponderTerminationRequest={[Function]}
        onStartShouldSetResponder={[Function]}
        style={
          Object {
            "alignItems": "center",
            "borderBottomLeftRadius": 5,
            "borderColor": "#cccccc",
            "borderTopLeftRadius": 5,
            "borderWidth": 1,
            "height": 50,
            "justifyContent": "center",
            "opacity": 1,
            "width": 50,
          }
        }
      >
        <Text
          style={
            Object {
              "fontSize": 20,
            }
          }
        >
          -
        </Text>
      </View>
      <View
        style={
          Object {
            "alignItems": "center",
            "borderColor": "#cccccc",
            "borderWidth": 1,
            "height": 50,
            "justifyContent": "center",
            "width": 50,
          }
        }
      >
        <Text
          style={
            Object {
              "fontSize": 20,
            }
          }
        >
          1
        </Text>
      </View>
      <View
        accessible={true}
        focusable={true}
        onClick={[Function]}
        onResponderGrant={[Function]}
        onResponderMove={[Function]}
        onResponderRelease={[Function]}
        onResponderTerminate={[Function]}
        onResponderTerminationRequest={[Function]}
        onStartShouldSetResponder={[Function]}
        style={
          Object {
            "alignItems": "center",
            "borderBottomRightRadius": 5,
            "borderColor": "#cccccc",
            "borderTopRightRadius": 5,
            "borderWidth": 1,
            "height": 50,
            "justifyContent": "center",
            "opacity": 1,
            "width": 50,
          }
        }
      >
        <Text
          style={
            Object {
              "fontSize": 20,
            }
          }
        >
          +
        </Text>
      </View>
    </View>
    <View
      style={
        Object {
          "width": 150,
        }
      }
    >
      <RNCPicker
        items={
          Array [
            Object {
              "label": "Normal",
              "textColor": undefined,
              "value": "Normal",
            },
            Object {
              "label": "Dev",
              "textColor": undefined,
              "value": "Dev",
            },
          ]
        }
        onChange={[Function]}
        selectedIndex={0}
        style={
          Array [
            Object {
              "height": 216,
            },
            undefined,
          ]
        }
      />
    </View>
  </View>
  <View
    style={
      Object {
        "alignItems": "center",
        "backgroundColor": "#fff",
        "flex": 1,
        "top": 0,
      }
    }
  >
    <View
      accessible={true}
      focusable={true}
      onClick={[Function]}
      onResponderGrant={[Function]}
      onResponderMove={[Function]}
      onResponderRelease={[Function]}
      onResponderTerminate={[Function]}
      onResponderTerminationRequest={[Function]}
      onStartShouldSetResponder={[Function]}
      style={
        Object {
          "alignItems": "center",
          "backgroundColor": "#34a8eb",
          "borderRadius": 5,
          "flexDirection": "row",
          "height": 50,
          "justifyContent": "center",
          "opacity": 1,
          "shadowColor": "black",
          "shadowOpacity": 1,
          "shadowRadius": 2,
          "width": 150,
        }
      }
      testID="playButton"
    >
      <Text
        style={
          Object {
            "fontSize": 20,
            "marginLeft": 15,
            "marginRight": 5,
          }
        }
      >
        Play
      </Text>
    </View>
  </View>
</View>
`;
